// Jest Snapshot v1, https://goo.gl/fbAQLP

exports[`<Main /> should render the heading 1`] = `
<main
  class="styles__Wrapper-ad8ayi-0 cLkiJX"
>
  <img
    alt="Imagem de um átomo e React avançado escrito ao lado."
    class="styles__Logo-ad8ayi-1 kffBVI"
    src="/img/logo.svg"
  />
  <h1
    class="styles__Title-ad8ayi-2 duOBbS"
  >
    React avançado
  </h1>
  <h2
    class="styles__Description-ad8ayi-3 fzEZmh"
  >
    TypeScript ReactJS, NextJS e Styled Components
  </h2>
  <img
    alt="desenvolvedor de frente para uma tela com código"
    class="styles__Logo-ad8ayi-1 kffBVI"
    src="/img/hero-illustration.svg"
  />
</main>
`;
